≡ƒÜÇ Starting Customer Flow Test...

1. Registering customer: test1769616151485@example.com
Γ£à Registration successful

2. Logging in...
Γ£à Login successful
≡ƒöæ Token received

3. Fetching packages...
node : 
At line:1 char:1
+ node test_customer_flow.js > 
test_output.txt 2>&1
+ ~~~~~~~~~~~~~~~~~~~~~~~~~~~~~~~~~~~~~~~
~~~~~~~~~~
    + CategoryInfo          : NotSpecifi 
   ed: (:String) [], RemoteException
    + FullyQualifiedErrorId : NativeComm 
   andError
 
Γ¥î TEST FAILED
Cannot read properties of undefined 
(reading '0')
